// Jest Snapshot v1, https://goo.gl/fbAQLP

exports[`Score component should render with score 1`] = `
<div
  class="makeStyles-score_outer-2"
>
  Score
  <div
    class="makeStyles-score_inner-1"
  >
    1
  </div>
</div>
`;
